src/app/api/seed/data/route.ts(45,41): error TS2339: Property 'category' does not exist on type '{ id: string; name: string; slug: string; seo: { title: string; description: string; keywords: string[]; }; distance: string; time: string; baseRate: number; customRates: { camry: number; hiace: number; gmc: number; starex: number; staria: number; coaster: number; }; }'.
src/components/home/BookingFormWrapper.tsx(47,9): error TS2322: Type '{ id: string; name: string; distance: string; time: string; baseRate: number; customRates: Record<string, number>; }[]' is not assignable to type 'Route[]'.
  Type '{ id: string; name: string; distance: string; time: string; baseRate: number; customRates: Record<string, number>; }' is missing the following properties from type 'Route': origin, destination
src/lib/settings-storage.ts(170,5): error TS2554: Expected 2 arguments, but got 1.
